


      / HELLO - "Hello, World!" program for PAL-III assembly, which a     Page 1


    1             / HELLO - "Hello, World!" program for PAL-III assembly, which also
    2             /         happens to test the PRINTS routine, included inline below.
    3             /
    4             / Created by Warren Young of tangentsoft.com, 2016.11.30
    5             ////////////////////////////////////////////////////////////////////////
    6             
    7             
    8             //// MAIN /////////////////////////////////////////////////////////////
    9             
   10             PAGE 1
   11 00200 7200          CLA
   12 00201 6046          TLS             / send null character to terminal to prepare it
   13 00202 1377          TAD (HWSTR)
   14 00203 4225          JMS PRINTS
   15 00204 7402          HLT
   16             
   17             // "HELLO, WORLD!\r\n" in octal ASCIIZ
   18 00205 0110  HWSTR,  110; 105; 114; 114; 117;        / HELLO
      00206 0105
      00207 0114
      00210 0114
      00211 0117
   19 00212 0054          54;                             / comma
   20 00213 0040          40;                             / space
   21 00214 0127          127; 117; 122; 114; 104;        / WORLD
      00215 0117
      00216 0122
      00217 0114
      00220 0104
   22 00221 0041          41;                             / bang
   23 00222 0015          15; 12;                         / CRLF
      00223 0012
   24 00224 0000          0                               / null string terminator
   25             
   26             
   27             //// PRINTS ////////////////////////////////////////////////////////////
   28             
   29 00225 0000  PRINTS,0
   30 00226 3242          DCA SADDR       / save AC as string address
   31 00227 1642  PSNEXT, TAD I SADDR     / load next character
   32 00230 7450          SNA
   33 00231 5625          JMP I PRINTS    / found the null terminator; leave
   34             
   35 00232 6041          TSF             / wait for terminal to be ready
   36 00233 5232          JMP .-1
   37 00234 6046          TLS             / write character to the terminal
   38             
   39 00235 7200          CLA             / increment string address pointer
   40 00236 1242          TAD SADDR
   41 00237 7001          IAC



      / HELLO - "Hello, World!" program for PAL-III assembly, which a     Page 2


   42 00240 3242          DCA SADDR
   43                             
   44 00241 5227          JMP PSNEXT      / look at next character
   45 00242 0000  SADDR,  0
   46             
   47             
   48             //// END ///////////////////////////////////////////////////////////////
      00377 0205
   49             $

      No detected errors
